// Jest Snapshot v1, https://goo.gl/fbAQLP

exports[`renders Button correctly 1`] = `
<div>
  <div
    class="eui-wingblank Button eui-wingblank-m"
  >
    <h4>
      Theme
    </h4>
    <button
      class="eui-button eui-button-l eui-button-primary"
      role="button"
    >
      primary
    </button>
    <div
      class="eui-whitespace eui-whitespace-m"
    />
    <button
      class="eui-button eui-button-l eui-button-secondary"
      role="button"
    >
      <svg
        aria-hidden="true"
        class="eui-icon eui-icon-l"
        fill="#fff"
      >
        <use
          xlink:href="#selected"
        />
      </svg>
       icon with secondary
    </button>
    <div
      class="eui-whitespace eui-whitespace-m"
    />
    <button
      class="eui-button eui-button-l eui-button-customize eui-button-ghost"
      role="button"
    >
      customize
    </button>
    <div
      class="eui-whitespace eui-whitespace-m"
    />
    <button
      aria-disabled="true"
      class="eui-button eui-button-l eui-button-primary eui-button-disabled"
      disabled=""
      role="button"
    >
      primary | disabled
    </button>
    <div
      class="eui-whitespace eui-whitespace-m"
    />
    <button
      aria-disabled="true"
      class="eui-button eui-button-l eui-button-primary eui-button-disabled eui-button-ghost"
      disabled=""
      role="button"
    >
      primary | ghost | disabled
    </button>
    <div
      class="eui-whitespace eui-whitespace-m"
    />
    <button
      class="eui-button eui-button-l eui-button-primary"
      role="button"
    >
      <svg
        aria-hidden="true"
        class="eui-icon eui-icon-l eui-icon-loading"
        fill="#fff"
      >
        <use
          xlink:href="#loading"
        />
      </svg>
    </button>
    <div
      class="eui-whitespace eui-whitespace-m"
    />
    <h4>
      Size
    </h4>
    <button
      class="eui-button eui-button-m eui-button-primary"
      role="button"
    >
      middle
    </button>
    <div
      class="eui-whitespace eui-whitespace-m"
    />
    <button
      class="eui-button eui-button-s eui-button-primary"
      role="button"
    >
      small
    </button>
    <div
      class="eui-whitespace eui-whitespace-m"
    />
    <div
      style="display: flex;"
    >
      <button
        class="eui-button eui-button-l eui-button-customize eui-button-ghost eui-button-inline"
        role="button"
      >
        customize | ghost
      </button>
      <button
        class="eui-button eui-button-l eui-button-secondary eui-button-rectangle"
        role="button"
      >
        secondary
      </button>
      <button
        class="eui-button eui-button-l eui-button-primary eui-button-rectangle"
        role="button"
      >
        primary
      </button>
    </div>
    <div
      class="eui-whitespace eui-whitespace-m"
    />
    <h4>
      Customize
    </h4>
    <button
      class="eui-button eui-button-l eui-button-customize eui-button-ghost"
      role="button"
      style="border-radius: 10px; color: green;"
    >
      <svg
        aria-hidden="true"
        class="eui-icon eui-icon-l"
        fill="currentColor"
      >
        <use
          xlink:href="#selected"
        />
      </svg>
       color | radius | ghost
    </button>
    <div
      class="eui-whitespace eui-whitespace-m"
    />
    <button
      class="eui-button eui-button-l eui-button-customize"
      role="button"
      style="color: hotpink;"
    >
      color | hotpink
    </button>
    <div
      class="eui-whitespace eui-whitespace-m"
    />
  </div>
</div>
`;
