// Jest Snapshot v1, https://goo.gl/fbAQLP

exports[`renders Button correctly 1`] = `
<div>
  <div
    class="edm-wingblank Button edm-wingblank-m"
  >
    <h4>
      Theme
    </h4>
    <button
      class="edm-button edm-button-l edm-button-primary"
      role="button"
    >
      primary
    </button>
    <div
      class="edm-whitespace edm-whitespace-m"
    />
    <button
      class="edm-button edm-button-l edm-button-secondary"
      role="button"
    >
      <svg
        aria-hidden="true"
        class="edm-icon edm-icon-l"
        fill="#fff"
      >
        <use
          xlink:href="#selected"
        />
      </svg>
       icon with secondary
    </button>
    <div
      class="edm-whitespace edm-whitespace-m"
    />
    <button
      class="edm-button edm-button-l edm-button-customize edm-button-ghost"
      role="button"
    >
      customize
    </button>
    <div
      class="edm-whitespace edm-whitespace-m"
    />
    <button
      aria-disabled="true"
      class="edm-button edm-button-l edm-button-primary edm-button-disabled"
      disabled=""
      role="button"
    >
      primary | disabled
    </button>
    <div
      class="edm-whitespace edm-whitespace-m"
    />
    <button
      aria-disabled="true"
      class="edm-button edm-button-l edm-button-primary edm-button-disabled edm-button-ghost"
      disabled=""
      role="button"
    >
      primary | ghost | disabled
    </button>
    <div
      class="edm-whitespace edm-whitespace-m"
    />
    <button
      class="edm-button edm-button-l edm-button-primary"
      role="button"
    >
      <svg
        aria-hidden="true"
        class="edm-icon edm-icon-l edm-icon-loading"
        fill="#fff"
      >
        <use
          xlink:href="#loading"
        />
      </svg>
    </button>
    <div
      class="edm-whitespace edm-whitespace-m"
    />
    <h4>
      Size
    </h4>
    <button
      class="edm-button edm-button-m edm-button-primary"
      role="button"
    >
      middle
    </button>
    <div
      class="edm-whitespace edm-whitespace-m"
    />
    <button
      class="edm-button edm-button-s edm-button-primary"
      role="button"
    >
      small
    </button>
    <div
      class="edm-whitespace edm-whitespace-m"
    />
    <div
      style="display: flex;"
    >
      <button
        class="edm-button edm-button-l edm-button-customize edm-button-ghost edm-button-inline"
        role="button"
      >
        customize | ghost
      </button>
      <button
        class="edm-button edm-button-l edm-button-secondary edm-button-rectangle"
        role="button"
      >
        secondary
      </button>
      <button
        class="edm-button edm-button-l edm-button-primary edm-button-rectangle"
        role="button"
      >
        primary
      </button>
    </div>
    <div
      class="edm-whitespace edm-whitespace-m"
    />
    <h4>
      Customize
    </h4>
    <button
      class="edm-button edm-button-l edm-button-customize edm-button-ghost"
      role="button"
      style="border-radius: 10px; color: green;"
    >
      <svg
        aria-hidden="true"
        class="edm-icon edm-icon-l"
        fill="currentColor"
      >
        <use
          xlink:href="#selected"
        />
      </svg>
       color | radius | ghost
    </button>
    <div
      class="edm-whitespace edm-whitespace-m"
    />
    <button
      class="edm-button edm-button-l edm-button-customize"
      role="button"
      style="color: hotpink;"
    >
      color | hotpink
    </button>
    <div
      class="edm-whitespace edm-whitespace-m"
    />
  </div>
</div>
`;
