// Jest Snapshot v1, https://goo.gl/fbAQLP

exports[`renders Tabs correctly 1`] = `
Array [
  <div
    class="edm-tabs edm-tabs-top"
  >
    <div
      class="edm-tabs-nav-box "
    >
      <div
        class="edm-tabs-nav-wrapper"
        style="transform:translate3d(0px, 0, 0)"
      >
        <div
          class="edm-tabs-nav active"
        >
          <span
            class="edm-badge"
            index="0"
          >
            First Tab
            <sup
              class="edm-badge-text"
              index="0"
            >
              3
            </sup>
          </span>
        </div>
        <div
          class="edm-tabs-nav"
        >
          <span
            class="edm-badge"
            index="1"
          >
            Second Tab
            <sup
              class="edm-badge-text"
              index="1"
            >
              今日(20)
            </sup>
          </span>
        </div>
        <div
          class="edm-tabs-nav"
        >
          <span
            class="edm-badge"
            index="2"
          >
            Third Tab
            <sup
              class="edm-badge-dot"
              index="2"
            />
          </span>
        </div>
        <div
          class="edm-tabs-nav"
        >
          <span
            class="edm-badge"
            index="3"
          >
            Fourth Tab
            <sup
              class="edm-badge-dot"
              index="3"
            />
          </span>
        </div>
        <div
          class="edm-tabs-nav"
        >
          <span
            class="edm-badge"
            index="4"
          >
            Fifth Tab
            <sup
              class="edm-badge-dot"
              index="4"
            />
          </span>
        </div>
        <div
          class="edm-tabs-nav"
        >
          <span
            class="edm-badge"
            index="5"
          >
            Sixth Tab
            <sup
              class="edm-badge-dot"
              index="5"
            />
          </span>
        </div>
        <div
          class="edm-tabs-nav"
        >
          <span
            class="edm-badge"
            index="6"
          >
            Seventh Tab
            <sup
              class="edm-badge-dot"
              index="6"
            />
          </span>
        </div>
        <div
          class="edm-tabs-nav"
        >
          <span
            class="edm-badge"
            index="7"
          >
            Eighth Tab
            <sup
              class="edm-badge-dot"
              index="7"
            />
          </span>
        </div>
        <div
          class="edm-tabs-nav-underline"
          style="transform:translate3d(0px, 0, 0)"
        />
      </div>
    </div>
    <div
      class="edm-tabs-con-box"
    >
      <div
        class="edm-tabs-con-wrapper"
        style="transform:translate3d(0px, 0, 0);-webkit-transform:translate3d(0px, 0, 0);-ms-transform:translate3d(0px, 0, 0);-webkit-transition:-webkit-transform .3s cubic-bezier(0.35, 0, 0.25, 1);transition:transform .3s cubic-bezier(0.35, 0, 0.25, 1)"
      >
        <div
          class="edm-tabs-con"
          index="0"
        >
          1
        </div>
        <div
          class="edm-tabs-con"
          index="1"
        >
          2
        </div>
        <div
          class="edm-tabs-con"
          index="2"
        >
          3
        </div>
      </div>
    </div>
  </div>,
  <div
    class="edm-tabs edm-tabs-top"
  >
    <div
      class="edm-tabs-nav-box edm-tabs-nav-flex"
    >
      <div
        class="edm-tabs-nav-wrapper"
        style="transform:translate3d(0px, 0, 0)"
      >
        <div
          class="edm-tabs-nav active"
        >
          <div
            index="0"
          >
            Login
          </div>
        </div>
        <div
          class="edm-tabs-nav"
        >
          <div
            index="1"
          >
            Register
          </div>
        </div>
        <div
          class="edm-tabs-nav-underline"
          style="transform:translate3d(0px, 0, 0)"
        />
      </div>
    </div>
    <div
      class="edm-tabs-con-box"
    >
      <div
        class="edm-tabs-con-wrapper"
        style="transform:translate3d(0px, 0, 0);-webkit-transform:translate3d(0px, 0, 0);-ms-transform:translate3d(0px, 0, 0);-webkit-transition:-webkit-transform .3s cubic-bezier(0.35, 0, 0.25, 1);transition:transform .3s cubic-bezier(0.35, 0, 0.25, 1)"
      >
        <div
          class="edm-tabs-con"
          index="0"
        >
          1
        </div>
        <div
          class="edm-tabs-con"
          index="1"
        >
          2
        </div>
      </div>
    </div>
  </div>,
]
`;
