// Jest Snapshot v1, https://goo.gl/fbAQLP

exports[`renders Tabs correctly 1`] = `
Array [
  <div
    class="edm-tabs edm-tabs-top"
  >
    <div
      class="edm-tabs-nav-box edm-tabs-nav-flex"
    >
      <div
        class="edm-tabs-nav-wrapper"
        style="transform:translate3d(0px, 0, 0)"
      >
        <div
          class="edm-tabs-nav active"
          data-index="0"
        >
          <span
            class="inner"
          >
            Login
          </span>
        </div>
        <div
          class="edm-tabs-nav"
          data-index="1"
        >
          <span
            class="inner"
          >
            Sign up
          </span>
        </div>
      </div>
    </div>
    <div
      class="edm-tabs-con-box"
    >
      <div
        class="edm-tabs-con-wrapper"
        style="transform:translate3d(0px, 0, 0);-webkit-transform:translate3d(0px, 0, 0);-ms-transform:translate3d(0px, 0, 0);-webkit-transition:;transition:"
      >
        <div
          class="edm-tabs-con active"
        >
          1
        </div>
        <div
          class="edm-tabs-con"
        >
          2
        </div>
      </div>
    </div>
  </div>,
  <br />,
  <div
    class="edm-tabs edm-tabs-top"
  >
    <div
      class="edm-tabs-nav-box "
    >
      <div
        class="edm-tabs-nav-wrapper"
        style="transform:translate3d(0px, 0, 0)"
      >
        <div
          class="edm-tabs-nav active"
          data-index="0"
        >
          <span
            class="inner"
          >
            <svg
              aria-hidden="true"
              class="edm-icon icon edm-icon-l"
              fill="currentColor"
            >
              <use
                href="#alipay"
              />
            </svg>
            Home
          </span>
        </div>
        <div
          class="edm-tabs-nav"
          data-index="1"
        >
          <span
            class="inner"
          >
            Home2
          </span>
        </div>
        <div
          class="edm-tabs-nav"
          data-index="2"
        >
          <span
            class="inner"
          >
            Home3
          </span>
        </div>
        <div
          class="edm-tabs-nav"
          data-index="3"
        >
          <span
            class="inner"
          >
            Home4
          </span>
        </div>
        <div
          class="edm-tabs-nav"
          data-index="4"
        >
          <span
            class="inner"
          >
            Home5
          </span>
        </div>
        <div
          class="edm-tabs-nav"
          data-index="5"
        >
          <span
            class="inner"
          >
            Home6
          </span>
        </div>
        <div
          class="edm-tabs-nav"
          data-index="6"
        >
          <span
            class="inner"
          >
            Home7
          </span>
        </div>
        <div
          class="edm-tabs-nav"
          data-index="7"
        >
          <span
            class="inner"
          >
            Home8
          </span>
        </div>
        <div
          class="edm-tabs-nav"
          data-index="8"
        >
          <span
            class="inner"
          >
            Home9
          </span>
        </div>
        <div
          class="edm-tabs-nav"
          data-index="9"
        >
          <span
            class="inner"
          >
            Home10
          </span>
        </div>
        <div
          class="edm-tabs-nav"
          data-index="10"
        >
          <span
            class="inner"
          >
            Home11
          </span>
        </div>
      </div>
    </div>
    <div
      class="edm-tabs-con-box"
    >
      <div
        class="edm-tabs-con-wrapper"
        style="transform:translate3d(0px, 0, 0);-webkit-transform:translate3d(0px, 0, 0);-ms-transform:translate3d(0px, 0, 0);-webkit-transition:-webkit-transform .3s cubic-bezier(0.35, 0, 0.25, 1);transition:transform .3s cubic-bezier(0.35, 0, 0.25, 1)"
      >
        <div
          class="edm-tabs-con active"
        >
          1
        </div>
        <div
          class="edm-tabs-con"
        >
          2
        </div>
        <div
          class="edm-tabs-con"
        >
          3
        </div>
        <div
          class="edm-tabs-con"
        >
          4
        </div>
        <div
          class="edm-tabs-con"
        >
          5
        </div>
        <div
          class="edm-tabs-con"
        >
          6
        </div>
        <div
          class="edm-tabs-con"
        >
          7
        </div>
        <div
          class="edm-tabs-con"
        >
          8
        </div>
        <div
          class="edm-tabs-con"
        >
          9
        </div>
      </div>
    </div>
  </div>,
  <div
    class="edm-tabs edm-tabs-right"
  >
    <div
      class="edm-tabs-nav-box "
    >
      <div
        class="edm-tabs-nav-wrapper"
        style="transform:translate3d(0px, 0, 0)"
      >
        <div
          class="edm-tabs-nav active"
          data-index="0"
        >
          <span
            class="inner"
          >
            <svg
              aria-hidden="true"
              class="edm-icon icon edm-icon-l"
              fill="currentColor"
            >
              <use
                href="#alipay"
              />
            </svg>
            Home
          </span>
        </div>
        <div
          class="edm-tabs-nav"
          data-index="1"
        >
          <span
            class="inner"
          >
            Home2
          </span>
        </div>
        <div
          class="edm-tabs-nav"
          data-index="2"
        >
          <span
            class="inner"
          >
            Home3
          </span>
        </div>
        <div
          class="edm-tabs-nav"
          data-index="3"
        >
          <span
            class="inner"
          >
            Home4
          </span>
        </div>
      </div>
    </div>
    <div
      class="edm-tabs-con-box"
    >
      <div
        class="edm-tabs-con-wrapper"
        style="transform:translate3d(0, 0px, 0);-webkit-transform:translate3d(0, 0px, 0);-ms-transform:translate3d(0, 0px, 0);-webkit-transition:;transition:"
      >
        <div
          class="edm-tabs-con active"
        >
          1
        </div>
        <div
          class="edm-tabs-con"
        >
          2
        </div>
        <div
          class="edm-tabs-con"
        >
          3
        </div>
        <div
          class="edm-tabs-con"
        >
          4
        </div>
      </div>
    </div>
  </div>,
]
`;
