// Jest Snapshot v1, https://goo.gl/fbAQLP

exports[`renders Tabs correctly 1`] = `
<div>
  <div
    class="eui-tabs eui-tabs-top"
  >
    <div
      class="eui-tabs-nav-box "
    >
      <div
        class="eui-tabs-nav-wrapper"
        style="transform: translate3d(0px, 0, 0); webkit-transition-duration: 300ms; transition-duration: 300ms;"
      >
        <div
          class="eui-tabs-nav active"
        >
          <span
            class="eui-badge"
            index="0"
          >
            First Tab
            <sup
              class="eui-badge-text"
              index="0"
            >
              3
            </sup>
          </span>
        </div>
        <div
          class="eui-tabs-nav"
        >
          <span
            class="eui-badge"
            index="1"
          >
            Second Tab
            <sup
              class="eui-badge-text"
              index="1"
            >
              今日(20)
            </sup>
          </span>
        </div>
        <div
          class="eui-tabs-nav"
        >
          <span
            class="eui-badge"
            index="2"
          >
            Third Tab
            <sup
              class="eui-badge-dot"
              index="2"
            />
          </span>
        </div>
        <div
          class="eui-tabs-nav"
        >
          <span
            class="eui-badge"
            index="3"
          >
            Fourth Tab
            <sup
              class="eui-badge-dot"
              index="3"
            />
          </span>
        </div>
        <div
          class="eui-tabs-nav"
        >
          <span
            class="eui-badge"
            index="4"
          >
            Fifth Tab
            <sup
              class="eui-badge-dot"
              index="4"
            />
          </span>
        </div>
        <div
          class="eui-tabs-nav"
        >
          <span
            class="eui-badge"
            index="5"
          >
            Sixth Tab
            <sup
              class="eui-badge-dot"
              index="5"
            />
          </span>
        </div>
        <div
          class="eui-tabs-nav"
        >
          <span
            class="eui-badge"
            index="6"
          >
            Seventh Tab
            <sup
              class="eui-badge-dot"
              index="6"
            />
          </span>
        </div>
        <div
          class="eui-tabs-nav"
        >
          <span
            class="eui-badge"
            index="7"
          >
            Eighth Tab
            <sup
              class="eui-badge-dot"
              index="7"
            />
          </span>
        </div>
        <div
          class="eui-tabs-nav-underline"
          style="transform: translate3d(0px, 0, 0); webkit-transition-duration: 380ms; transition-duration: 380ms;"
        />
      </div>
    </div>
    <div
      class="eui-tabs-con-box"
    >
      <div
        class="eui-tabs-con-wrapper"
        style="transform: translate3d(0px, 0, 0); transition: transform .3s cubic-bezier(0.35, 0, 0.25, 1);"
      >
        <div
          class="eui-tabs-con"
          index="0"
        >
          1
        </div>
        <div
          class="eui-tabs-con"
          index="1"
        >
          2
        </div>
        <div
          class="eui-tabs-con"
          index="2"
        >
          3
        </div>
      </div>
    </div>
  </div>
  <div
    class="eui-tabs eui-tabs-top"
  >
    <div
      class="eui-tabs-nav-box eui-tabs-nav-flex"
    >
      <div
        class="eui-tabs-nav-wrapper"
        style="transform: translate3d(0px, 0, 0); webkit-transition-duration: 300ms; transition-duration: 300ms;"
      >
        <div
          class="eui-tabs-nav active"
        >
          <div
            index="0"
          >
            Login
          </div>
        </div>
        <div
          class="eui-tabs-nav"
        >
          <div
            index="1"
          >
            Register
          </div>
        </div>
        <div
          class="eui-tabs-nav-underline"
          style="transform: translate3d(0px, 0, 0); webkit-transition-duration: 380ms; transition-duration: 380ms;"
        />
      </div>
    </div>
    <div
      class="eui-tabs-con-box"
    >
      <div
        class="eui-tabs-con-wrapper"
        style="transform: translate3d(0px, 0, 0); transition: transform .3s cubic-bezier(0.35, 0, 0.25, 1);"
      >
        <div
          class="eui-tabs-con"
          index="0"
        >
          1
        </div>
        <div
          class="eui-tabs-con"
          index="1"
        >
          2
        </div>
      </div>
    </div>
  </div>
</div>
`;
