// Jest Snapshot v1, https://goo.gl/fbAQLP

exports[`renders CountDown correctly 1`] = `
<div>
  <div>
    <div>
      <button
        class="eui-button eui-button-l eui-button-primary"
        role="button"
      >
        Go
      </button>
      <h5>
        倒计时5秒
      </h5>
      <div
        class="eui-countdown"
      >
        <span>
          50
           
           
        </span>
      </div>
    </div>
  </div>
</div>
`;
