// Jest Snapshot v1, https://goo.gl/fbAQLP

exports[`renders Radio correctly 1`] = `
<div>
  <div
    class="Radio"
  >
    <div
      class="eui-wingblank eui-wingblank-m"
    >
      <label
        class="eui-radio"
      >
        <span
          class="eui-radio__input is-checked"
        >
          <span
            class="eui-radio__inner"
          />
          <input
            checked=""
            class="eui-radio__origin"
            type="radio"
            value="1"
          />
        </span>
        <span
          class="eui-radio__label"
        >
          children1
        </span>
      </label>
      <label
        class="eui-radio"
      >
        <span
          class="eui-radio__input"
        >
          <span
            class="eui-radio__inner"
          />
          <input
            class="eui-radio__origin"
            type="radio"
            value="2"
          />
        </span>
        <span
          class="eui-radio__label"
        >
          children2
        </span>
      </label>
    </div>
  </div>
</div>
`;
