// Jest Snapshot v1, https://goo.gl/fbAQLP

exports[`renders WingBlank correctly 1`] = `
<div>
  <div
    class="WingBlank"
  >
    <div
      class="placeholder"
    >
      placeholder
    </div>
    <div
      class="eui-whitespace eui-whitespace-m"
    />
    <div
      class="eui-wingblank eui-wingblank-s"
    >
      <div
        class="placeholder"
      >
        placeholder
      </div>
    </div>
    <div
      class="eui-whitespace eui-whitespace-m"
    />
    <div
      class="eui-wingblank eui-wingblank-m"
    >
      <div
        class="placeholder"
      >
        placeholder
      </div>
    </div>
    <div
      class="eui-whitespace eui-whitespace-m"
    />
    <div
      class="eui-wingblank eui-wingblank-l"
    >
      <div
        class="placeholder"
      >
        placeholder
      </div>
    </div>
  </div>
</div>
`;
