// Jest Snapshot v1, https://goo.gl/fbAQLP

exports[`renders Badge correctly 1`] = `
<div
  class="Badge"
>
  <span
    class="edm-badge"
  >
    <span
      style="width:26px;height:26px;background:#ddd;display:inline-block"
    />
    <sup
      class="edm-badge-dot"
    />
  </span>
  <div>
    <span
      class="edm-badge"
    >
      <span
        style="width:26px;height:26px;background:#ddd;display:inline-block"
      />
      <sup
        class="edm-badge-text"
      >
        10+
      </sup>
    </span>
  </div>
  <div>
    <span
      class="edm-badge"
    >
      <span
        style="width:26px;height:26px;background:#ddd;display:inline-block"
      />
      <sup
        class="edm-badge-text"
      >
        9
      </sup>
    </span>
  </div>
  <div>
    <span
      class="edm-badge"
    >
      <span
        style="width:26px;height:26px;background:#ddd;display:inline-block"
      />
    </span>
  </div>
  <div>
    <span
      class="edm-badge my-corner edm-badge-corner-wrapper"
    >
      <div
        class="corner-badge"
        style="height:71px"
      >
        Use corner prop
      </div>
      <sup
        class="edm-badge-corner"
      >
        คูปองใหม่
      </sup>
    </span>
  </div>
</div>
`;
