// Jest Snapshot v1, https://goo.gl/fbAQLP

exports[`renders Popup correctly 1`] = `
<div>
  <div
    class="Popup"
  >
    <div
      class="eui-wingblank eui-wingblank-m"
    >
      <button
        class="eui-button eui-button-l eui-button-primary"
        role="button"
      >
        show Popup
      </button>
    </div>
  </div>
</div>
`;
