// Jest Snapshot v1, https://goo.gl/fbAQLP

exports[`renders FixTop correctly 1`] = `
<div>
  <div
    style="position: relative; margin: 0px auto; width: 100%; min-width: 320PX; max-width: 640PX;"
  >
    <div
      class="eui-fixtop"
    >
      <div
        class="eui-fixtop-icon"
      >
        <svg
          aria-hidden="true"
          class="eui-icon eui-icon-l"
          fill="666"
        >
          <use
            xlink:href="#remind"
          />
        </svg>
      </div>
      <div>
        Buy 199 get 20% off text text text text text text text
        fixTop1
      </div>
      <div
        class="eui-fixtop-close"
      >
        <svg
          aria-hidden="true"
          class="eui-icon eui-icon-l"
          fill="DE6A1C"
        >
          <use
            xlink:href="#close"
          />
        </svg>
      </div>
    </div>
    <div
      style="height: 500px; background: rgb(241, 241, 241);"
    >
      fixTop1
    </div>
  </div>
  <div
    style="position: relative; margin: 0px auto; width: 100%; min-width: 320PX; max-width: 640PX;"
  >
    <div
      class="eui-fixtop"
    >
      <div
        class="eui-fixtop-icon"
      >
        <svg
          aria-hidden="true"
          class="eui-icon eui-icon-l"
          fill="#F00"
        >
          <use
            xlink:href="#close"
          />
        </svg>
      </div>
      <div>
        Buy 199 get 20% off text text text text text text text
        fixTop2
      </div>
      <div
        class="eui-fixtop-close"
      />
    </div>
    <div
      style="height: 500px; background: rgb(241, 241, 241);"
    >
      fixTop2
    </div>
  </div>
  <div
    style="position: relative; margin: 0px auto; width: 100%; min-width: 320PX; max-width: 640PX;"
  >
    <div
      class="eui-fixtop"
    >
      <div
        class="eui-fixtop-icon"
      />
      <div>
        Buy 199 get 20% off text text text text text text text
        fixTop3
      </div>
      <div
        class="eui-fixtop-close"
      >
        <svg
          aria-hidden="true"
          class="eui-icon eui-icon-l"
          fill="#F00"
        >
          <use
            xlink:href="#selected"
          />
        </svg>
      </div>
    </div>
    <div
      style="height: 500px; background: rgb(241, 241, 241);"
    >
      fixTop3
    </div>
  </div>
</div>
`;
