// Jest Snapshot v1, https://goo.gl/fbAQLP

exports[`renders MessageBox correctly 1`] = `
<div>
  <div
    class="eui-wingblank MessageBox eui-wingblank-m"
  >
    <h4>
      Dom
    </h4>
    <button
      class="eui-button eui-button-l eui-button-customize eui-button-ghost"
      role="button"
    >
      MessageBox
    </button>
    <div
      class="eui-whitespace eui-whitespace-m"
    />
    <h4>
      Method
    </h4>
    <button
      class="eui-button eui-button-l eui-button-customize eui-button-ghost"
      role="button"
    >
      Model | noCover
    </button>
    <div
      class="eui-whitespace eui-whitespace-m"
    />
    <button
      class="eui-button eui-button-l eui-button-customize eui-button-ghost"
      role="button"
    >
      Alert
    </button>
    <div
      class="eui-whitespace eui-whitespace-m"
    />
    <button
      class="eui-button eui-button-l eui-button-customize eui-button-ghost"
      role="button"
    >
      Confirm
    </button>
    <div
      class="eui-whitespace eui-whitespace-m"
    />
    <button
      class="eui-button eui-button-l eui-button-customize eui-button-ghost"
      role="button"
    >
      Confirm | multiLineButtons
    </button>
  </div>
</div>
`;
