// Jest Snapshot v1, https://goo.gl/fbAQLP

exports[`renders MessageBox correctly 1`] = `
<div>
  <div
    class="edm-wingblank MessageBox edm-wingblank-m"
  >
    <h4>
      Dom
    </h4>
    <button
      class="edm-button edm-button-l edm-button-customize edm-button-ghost"
      role="button"
    >
      MessageBox
    </button>
    <div
      class="edm-whitespace edm-whitespace-m"
    />
    <h4>
      Method
    </h4>
    <button
      class="edm-button edm-button-l edm-button-customize edm-button-ghost"
      role="button"
    >
      Model | noCover
    </button>
    <div
      class="edm-whitespace edm-whitespace-m"
    />
    <button
      class="edm-button edm-button-l edm-button-customize edm-button-ghost"
      role="button"
    >
      Alert
    </button>
    <div
      class="edm-whitespace edm-whitespace-m"
    />
    <button
      class="edm-button edm-button-l edm-button-customize edm-button-ghost"
      role="button"
    >
      Confirm
    </button>
    <div
      class="edm-whitespace edm-whitespace-m"
    />
    <button
      class="edm-button edm-button-l edm-button-customize edm-button-ghost"
      role="button"
    >
      Confirm | multiLineButtons
    </button>
  </div>
</div>
`;
