// Jest Snapshot v1, https://goo.gl/fbAQLP

exports[`renders Toast correctly 1`] = `
<div>
  <div
    class="eui-wingblank Toast eui-wingblank-m"
  >
    <h4>
      Dom
    </h4>
    <button
      class="eui-button eui-button-l eui-button-customize eui-button-ghost"
      role="button"
    >
      Toast
    </button>
    <div
      class="eui-whitespace eui-whitespace-m"
    />
    <h4>
      Method
    </h4>
    <button
      class="eui-button eui-button-l eui-button-customize eui-button-ghost"
      role="button"
    >
      Model
    </button>
    <div
      class="eui-whitespace eui-whitespace-m"
    />
    <button
      class="eui-button eui-button-l eui-button-customize eui-button-ghost"
      role="button"
    >
      Success
    </button>
    <div
      class="eui-whitespace eui-whitespace-m"
    />
    <button
      class="eui-button eui-button-l eui-button-customize eui-button-ghost"
      role="button"
    >
      Alert | noCover
    </button>
    <div
      class="eui-whitespace eui-whitespace-m"
    />
    <button
      class="eui-button eui-button-l eui-button-customize eui-button-ghost"
      role="button"
    >
      loading
    </button>
    <div
      class="eui-whitespace eui-whitespace-m"
    />
    <button
      class="eui-button eui-button-l eui-button-customize eui-button-ghost"
      role="button"
    >
      null
    </button>
    <div
      class="eui-whitespace eui-whitespace-m"
    />
  </div>
</div>
`;
